CCS PCM C Compiler, Version 5.008, 5967               11-nov-16 23:24

               Filename:   E:\T2_Projetos\Firmware\main.lst

               ROM used:   86 words (4%)
                           Largest free fragment is 1962
               RAM used:   6 (3%) at main() level
                           7 (3%) worst case
               Stack used: 1 locations
               Stack size: 8

*
0000:  MOVLW  00
0001:  MOVWF  0A
0002:  GOTO   019
0003:  NOP
.................... //all these # below set up the PIC 
.................... #include <16F628A.h> 
.................... //////// Standard Header file for the PIC16F628A device //////////////// 
.................... #device PIC16F628A 
....................  
.................... #list 
....................  
.................... //Configuracao FUSES 
.................... #FUSES NOWDT 
.................... #FUSES INTRC_IO 
.................... #FUSES NOPUT 
.................... #FUSES NOPROTECT 
.................... #FUSES NOBROWNOUT 
.................... #FUSES NOMCLR 
.................... #FUSES NOLVP 
.................... #FUSES NOCPD 
....................  
.................... #use delay(clock=4000000)             // Sets crystal oscillator at 4 megahertz 
0004:  MOVLW  22
0005:  MOVWF  04
0006:  BCF    03.7
0007:  MOVF   00,W
0008:  BTFSC  03.2
0009:  GOTO   018
000A:  MOVLW  01
000B:  MOVWF  78
000C:  CLRF   77
000D:  DECFSZ 77,F
000E:  GOTO   00D
000F:  DECFSZ 78,F
0010:  GOTO   00C
0011:  MOVLW  4A
0012:  MOVWF  77
0013:  DECFSZ 77,F
0014:  GOTO   013
0015:  GOTO   016
0016:  DECFSZ 00,F
0017:  GOTO   00A
0018:  RETURN
.................... //#use rs232(baud=9600, xmit=PIN_C6, invert) //Sets up serial port output pin & baud rate 
....................  
....................  
.................... #define BUTTON_PIN  PIN_A4   
.................... #define LED_PIN     PIN_B7  
....................  
....................  
.................... //main program starts here 
.................... void main() { 
0019:  MOVF   03,W
001A:  ANDLW  1F
001B:  MOVWF  03
001C:  BSF    03.5
001D:  BSF    0E.3
001E:  MOVLW  07
001F:  BCF    03.5
0020:  MOVWF  1F
0021:  BCF    03.7
....................  
....................  
....................    //Infinite program loop starts.  LED blinks forever. 
....................    while(true){ 
....................       if (input(BUTTON_PIN)){ 
0022:  BSF    03.5
0023:  BSF    05.4
0024:  BCF    03.5
0025:  BTFSS  05.4
0026:  GOTO   03E
....................          output_high(LED_PIN);    //send a "1" to pin RB7, making RB7 "High" at 5v 
0027:  BSF    03.5
0028:  BCF    06.7
0029:  BCF    03.5
002A:  BSF    06.7
....................                //this will turn on the LED hooked to RB7 
....................          delay_ms(1000);        //wait half a second, delays for 500ms  
002B:  MOVLW  04
002C:  MOVWF  21
002D:  MOVLW  FA
002E:  MOVWF  22
002F:  CALL   004
0030:  DECFSZ 21,F
0031:  GOTO   02D
....................          output_low(LED_PIN);     //send a "0" to pin RB7, making RB7 "Low" at 0v 
0032:  BSF    03.5
0033:  BCF    06.7
0034:  BCF    03.5
0035:  BCF    06.7
....................          delay_ms(1000);      //wait half a second, delays for 500ms 
0036:  MOVLW  04
0037:  MOVWF  21
0038:  MOVLW  FA
0039:  MOVWF  22
003A:  CALL   004
003B:  DECFSZ 21,F
003C:  GOTO   038
....................       } 
003D:  GOTO   054
....................       else{ 
....................          output_high(LED_PIN);    //send a "1" to pin RB7, making RB7 "High" at 5v 
003E:  BSF    03.5
003F:  BCF    06.7
0040:  BCF    03.5
0041:  BSF    06.7
....................                //this will turn on the LED hooked to RB7 
....................          delay_ms(500);        //wait half a second, delays for 500ms  
0042:  MOVLW  02
0043:  MOVWF  21
0044:  MOVLW  FA
0045:  MOVWF  22
0046:  CALL   004
0047:  DECFSZ 21,F
0048:  GOTO   044
....................          output_low(LED_PIN);     //send a "0" to pin RB7, making RB7 "Low" at 0v 
0049:  BSF    03.5
004A:  BCF    06.7
004B:  BCF    03.5
004C:  BCF    06.7
....................          delay_ms(500);      //wait half a second, delays for 500ms            
004D:  MOVLW  02
004E:  MOVWF  21
004F:  MOVLW  FA
0050:  MOVWF  22
0051:  CALL   004
0052:  DECFSZ 21,F
0053:  GOTO   04F
....................       } 
0054:  GOTO   022
....................    } 
.................... } 
....................  
0055:  SLEEP
.................... /*Notes 
.................... You can easily add more LEDs and make them flash in different patterns. 
.................... For more readable code, use 
.................... #define RED_LED   PIN_B7 
.................... #define GREEN_LED PIN_B6 
.................... … 
.................... … 
.................... output_high(RED_LED); 
.................... output_high(GREEN_LED);     
.................... */ 

Configuration Fuses:
   Word  1: 3F18   NOWDT NOPUT INTRC_IO NOMCLR NOBROWNOUT NOLVP NOCPD NOPROTECT
