CCS PCM C Compiler, Version 5.008, 5967               17-nov-16 18:09

               Filename:   E:\T2_Projetos\Firmware\T2open_v0.lst

               ROM used:   65 words (1%)
                           Largest free fragment is 2048
               RAM used:   5 (1%) at main() level
                           6 (2%) worst case
               Stack used: 1 locations
               Stack size: 8

*
0000:  MOVLW  00
0001:  MOVWF  0A
0002:  GOTO   018
0003:  NOP
.................... #include <T2open_v0.h> 
.................... #include <16F877A.h> 
.................... //////// Standard Header file for the PIC16F877A device //////////////// 
.................... #device PIC16F877A 
....................  
.................... #list 
....................  
.................... #device ADC=16 
....................  
.................... #FUSES NOWDT                    //No Watch Dog Timer 
.................... #FUSES NOBROWNOUT               //No brownout reset 
.................... #FUSES NOLVP                    //No low voltage prgming, B3(PIC16) or B5(PIC18) used for I/O 
....................  
.................... #use delay(crystal=20000000) 
0004:  MOVLW  21
0005:  MOVWF  04
0006:  BCF    03.7
0007:  MOVF   00,W
0008:  BTFSC  03.2
0009:  GOTO   017
000A:  MOVLW  06
000B:  MOVWF  78
000C:  CLRF   77
000D:  DECFSZ 77,F
000E:  GOTO   00D
000F:  DECFSZ 78,F
0010:  GOTO   00C
0011:  MOVLW  7B
0012:  MOVWF  77
0013:  DECFSZ 77,F
0014:  GOTO   013
0015:  DECFSZ 00,F
0016:  GOTO   00A
0017:  RETURN
.................... #use FIXED_IO( B_outputs=PIN_B0,PIN_B1 ) 
.................... #use FIXED_IO( C_outputs=PIN_C5 ) 
.................... #use rs232(baud=9600,parity=N,xmit=PIN_C6,rcv=PIN_C7,bits=8,stream=PORT1) 
.................... #use i2c(Master,Fast,sda=PIN_C4,scl=PIN_C3) 
....................  
.................... #define LED_PIN PIN_B0 
.................... #define DELAY 200 
....................  
....................  
....................  
....................  
.................... void main() 
0018:  MOVF   03,W
0019:  ANDLW  1F
001A:  MOVWF  03
001B:  MOVLW  81
001C:  BSF    03.5
001D:  MOVWF  19
001E:  MOVLW  A6
001F:  MOVWF  18
0020:  MOVLW  90
0021:  BCF    03.5
0022:  MOVWF  18
0023:  BSF    03.5
0024:  BSF    1F.0
0025:  BSF    1F.1
0026:  BSF    1F.2
0027:  BCF    1F.3
0028:  MOVLW  07
0029:  MOVWF  1C
002A:  BCF    03.7
.................... { 
....................    setup_adc_ports(ALL_ANALOG); 
002B:  BCF    1F.0
002C:  BCF    1F.1
002D:  BCF    1F.2
002E:  BCF    1F.3
....................  
....................    //Example blinking LED program 
....................    while(true) 
....................    { 
....................       output_low(LED_PIN); 
002F:  MOVLW  FC
0030:  MOVWF  06
0031:  BCF    03.5
0032:  BCF    06.0
....................       delay_ms(DELAY); 
0033:  MOVLW  C8
0034:  MOVWF  21
0035:  CALL   004
....................       output_high(LED_PIN); 
0036:  MOVLW  FC
0037:  BSF    03.5
0038:  MOVWF  06
0039:  BCF    03.5
003A:  BSF    06.0
....................       delay_ms(DELAY); 
003B:  MOVLW  C8
003C:  MOVWF  21
003D:  CALL   004
003E:  BSF    03.5
003F:  GOTO   02F
....................    } 
....................  
.................... } 
0040:  SLEEP

Configuration Fuses:
   Word  1: 3F32   HS NOWDT PUT NOBROWNOUT NOLVP NOCPD NOWRT NODEBUG NOPROTECT
